\BOOKMARK [1][-]{section.1}{\376\377\137\025\212\000}{}% 1
\BOOKMARK [1][-]{section.2}{\376\377\123\321\136\003\122\115\133\241\147\345\225\356\230\230}{}% 2
\BOOKMARK [2][-]{subsection.2.1}{\376\377\127\072\146\157\116\016\132\001\200\301\152\041\127\213}{section.2}% 3
\BOOKMARK [2][-]{subsection.2.2}{\376\377\116\044\174\173\143\250\145\255\121\163\174\373}{section.2}% 4
\BOOKMARK [2][-]{subsection.2.3}{\376\377\133\232\117\115\166\356\150\007\116\016\217\223\121\372\217\271\165\114}{section.2}% 5
\BOOKMARK [1][-]{section.3}{\376\377\226\220\140\047\143\250\145\255\156\220\133\232\117\115\145\271\154\325}{}% 6
\BOOKMARK [2][-]{subsection.3.1}{\376\377\140\073\117\123\155\101\172\013}{section.3}% 7
\BOOKMARK [2][-]{subsection.3.2}{\376\377\122\115\177\156\122\145\171\273\000\040\000I\377\032\211\304\122\031\136\223\225\355\123\005}{section.3}% 8
\BOOKMARK [2][-]{subsection.3.3}{\376\377\122\115\177\156\122\145\171\273\000\040\000I\000I\377\032\232\330\170\156\133\232\140\047\215\357\137\204\220\020\134\102\144\034\175\042}{section.3}% 9
\BOOKMARK [2][-]{subsection.3.4}{\376\377\217\223\121\145\133\127\153\265\122\006\211\343\137\017\172\000\165\217\225\350\143\247}{section.3}% 10
\BOOKMARK [2][-]{subsection.3.5}{\376\377\162\354\172\313\170\156\213\244\116\016\133\241\147\345\217\223\121\372}{section.3}% 11
\BOOKMARK [1][-]{section.4}{\376\377\133\236\232\214\116\016\176\323\147\234\122\006\147\220}{}% 12
\BOOKMARK [2][-]{subsection.4.1}{\376\377\145\160\143\156\211\322\202\162\116\016\133\236\232\214\213\276\177\156}{section.4}% 13
\BOOKMARK [2][-]{subsection.4.2}{\376\377\116\044\153\145\122\115\177\156\122\145\171\273\176\323\147\234}{section.4}% 14
\BOOKMARK [2][-]{subsection.4.3}{\376\377\225\350\143\247\157\024\123\026\116\016\226\010\120\074\145\117\141\037\140\047}{section.4}% 15
\BOOKMARK [2][-]{subsection.4.4}{\376\377\0001\0002\000\040\116\052\166\356\150\007\166\204\133\232\117\115\176\323\147\234}{section.4}% 16
\BOOKMARK [2][-]{subsection.4.5}{\376\377\133\371\153\324\133\236\232\214}{section.4}% 17
\BOOKMARK [2][-]{subsection.4.6}{\376\377\123\321\136\003\123\343\137\204\123\330\123\026\116\016\230\316\226\151\211\343\221\312}{section.4}% 18
\BOOKMARK [2][-]{subsection.4.7}{\376\377\145\160\143\156\226\115\176\247\147\141\116\366\116\013\166\204\176\323\147\234}{section.4}% 19
\BOOKMARK [1][-]{section.5}{\376\377\176\323\213\272}{}% 20
